NR==1{}
NR>1,NR<3{}
~~~~~~~~~~~~~~~~~~~~~~~~~~~~~~~~~~~~~~~~~~~~~~~~~~~~~~~~~~~~~~~~~~~~~~~~~~~~~~~~
NR == 1 {}

NR > 1, NR < 3 {}
