{
    print "bad">"/dev/stderr"
    printf("bad")>>"/dev/stderr"
}
~~~~~~~~~~~~~~~~~~~~~~~~~~~~~~~~~~~~~~~~~~~~~~~~~~~~~~~~~~~~~~~~~~~~~~~~~~~~~~~~
{
    print "bad" > "/dev/stderr"
    printf("bad") >> "/dev/stderr"
}
