{
  print(a)
  print(a,b)
  print
  print $1
  print "hi" "bye"
  print "a","b"
}
~~~~~~~~~~~~~~~~~~~~~~~~~~~~~~~~~~~~~~~~~~~~~~~~~~~~~~~~~~~~~~~~~~~~~~~~~~~~~~~~
{
    print a
    print a, b
    print
    print $1
    print "hi" "bye"
    print "a", "b"
}
