{
  for (  x in arr  ) {
    print arr[x]
  }
}
~~~~~~~~~~~~~~~~~~~~~~~~~~~~~~~~~~~~~~~~~~~~~~~~~~~~~~~~~~~~~~~~~~~~~~~~~~~~~~~~
{
    for (x in arr) { print arr[x] }
}
