function a(p1,p2,   p3) {
  print
}

function b(a) {}
function c() {}
function d(a, b,
  ####
  c) {}
~~~~~~~~~~~~~~~~~~~~~~~~~~~~~~~~~~~~~~~~~~~~~~~~~~~~~~~~~~~~~~~~~~~~~~~~~~~~~~~~
function a(p1, p2,   p3) { print }

function b(a) {}

function c() {}

function d(\
    a,
    b,
    ####,
    c\
) {}
