// Jest Snapshot v1, https://goo.gl/fbAQLP

exports[`while.awk 1`] = `
{
  while(1) {
    print 42  }
  do print 42
  while(1)
}
~~~~~~~~~~~~~~~~~~~~~~~~~~~~~~~~~~~~~~~~~~~~~~~~~~~~~~~~~~~~~~~~~~~~~~~~~~~~~~~~
{
    while (1) { print 42 }

    do print 42
    while (1)
}

`;
