{
  while(x<2) {
    print 42  }
  do print 42
  while(1)
}
~~~~~~~~~~~~~~~~~~~~~~~~~~~~~~~~~~~~~~~~~~~~~~~~~~~~~~~~~~~~~~~~~~~~~~~~~~~~~~~~
{
    while (x < 2) { print 42 }

    do print 42
    while (1)
}
