{
a = 1
}

{ for (i = 1; i <= 2; i++) {
}}

{if (1);
  else print "hi"
}
~~~~~~~~~~~~~~~~~~~~~~~~~~~~~~~~~~~~~~~~~~~~~~~~~~~~~~~~~~~~~~~~~~~~~~~~~~~~~~~~
{ a = 1 }

{
    for (i = 1; i <= 2; i++) {}
}

{
    if (1);
    else print "hi"
}
