{
    print "hi"|"cat"
    print "hi"|&"cat"
    printf("hi")|"cat"
    printf("hi")|&"cat"
}
~~~~~~~~~~~~~~~~~~~~~~~~~~~~~~~~~~~~~~~~~~~~~~~~~~~~~~~~~~~~~~~~~~~~~~~~~~~~~~~~
{
    print "hi" | "cat"
    print "hi" |& "cat"
    printf("hi") | "cat"
    printf("hi") |& "cat"
}
