{
    x=a+b # Just random comment

    # prettier-ignore
    x=a+b
}
~~~~~~~~~~~~~~~~~~~~~~~~~~~~~~~~~~~~~~~~~~~~~~~~~~~~~~~~~~~~~~~~~~~~~~~~~~~~~~~~
{
    x = a + b # Just random comment

    # prettier-ignore
    x=a+b
}
