{
  1==1?"true": 1 + 2
}
~~~~~~~~~~~~~~~~~~~~~~~~~~~~~~~~~~~~~~~~~~~~~~~~~~~~~~~~~~~~~~~~~~~~~~~~~~~~~~~~
{ 1 == 1 ? "true" : 1 + 2 }
